// Jest Snapshot v1, https://goo.gl/fbAQLP

exports[`Pruebas en <TodoApp /> debe de mostrarse correctamente 1`] = `
<div>
  <h1>
    TodoApp ( 
    0
     )
  </h1>
  <hr />
  <div
    className="row"
  >
    <div
      className="col-12 col-sm-7 "
    >
      <TodoList
        handleDelete={[Function]}
        handleToggle={[Function]}
        todos={Array []}
      />
    </div>
    <div
      className="col-12 col-sm-5 "
    >
      <TodoAdd
        handleAddTodo={[Function]}
      />
    </div>
  </div>
</div>
`;
